<!DOCTYPE html PUBLIC "-//W3C//DTD XHTML 1.0 Transitional//EN" "http://www.w3.org/TR/xhtml1/DTD/xhtml1-transitional.dtd">
<html xmlns="http://www.w3.org/1999/xhtml"><head><title>Test Parameters</title></head><body><h2>Hello</h2><table><tbody><tr><td>Parameter 1:</td><td>PARAM1</td></tr><tr><td>Parameter 2:</td><td>PARAM2</td></tr><tr><td>Parameter 3:</td><td>PARAM3</td></tr></tbody></table></body></html>