<!DOCTYPE html PUBLIC "-//W3C//DTD XHTML 1.0 Transitional//EN" "http://www.w3.org/TR/xhtml1/DTD/xhtml1-transitional.dtd">
<html xmlns="http://www.w3.org/1999/xhtml"><head><title>Schedule</title></head><body><h2 align="center">Eric&nbsp;Burke's Schedule</h2><hr/><h3>Appointment</h3><p>03/15/2001
      from
      09:30
      until
      10:30</p><table><tr><td>Subject:</td><td>Interview potential new hire</td></tr><tr><td>Location:</td><td>Rm 103</td></tr><tr><td>Note:</td><td>Ask Bob for an updated resume.</td></tr></table><hr/><h3>Appointment</h3><p>03/15/2001
      from
      15:30
      until
      16:30</p><table><tr><td>Subject:</td><td>Dr. Appointment</td></tr><tr><td>Location:</td><td>1532 Main Street</td></tr><tr><td>Note:</td><td/></tr></table><hr/><h3>Appointment</h3><p>03/16/2001
      from
      11:30
      until
      12:30</p><table><tr><td>Subject:</td><td>Lunch w/Boss</td></tr><tr><td>Location:</td><td>Pizza Place on First Capitol Drive</td></tr><tr><td>Note:</td><td/></tr></table></body></html>